<html>
<body>
<pre>
<h1>µVision Build Log</h1>
<h2>Project:</h2>
C:\Users\andre\Documents\Projects\MSE450\MSE450_SU21_G18\Projects\VirtualSnake\SpaceInvaders.uvproj
Project File Date:  06/26/2021

<h2>Output:</h2>
Rebuild target 'VirtualSnakeGame'
assembling startup.s...
assembling random.s...
compiling TExaS.c...
compiling VirtualNokia5110.c...
compiling SnakeGameMain.c...
compiling SnakeModule.c...
compiling FruitModule.c...
compiling ADC.c...
compiling Init.c...
linking...
Program Size: Code=5096 RO-data=1504 RW-data=112 ZI-data=2480  
".\SpaceInvaders.axf" - 0 Error(s), 0 Warning(s).
</pre>
</body>
</html>
