ARM Linker, 5.03 [Build 76] [MDK-ARM Lite]

==============================================================================

Section Cross References

    startup.o(STACK) refers (Special) to heapauxi.o(.text) for __use_two_region_memory
    startup.o(HEAP) refers (Special) to heapauxi.o(.text) for __use_two_region_memory
    startup.o(RESET) refers (Special) to heapauxi.o(.text) for __use_two_region_memory
    startup.o(RESET) refers to startup.o(STACK) for StackMem
    startup.o(RESET) refers to snakegamemain.o(i.SysTick_Handler) for SysTick_Handler
    startup.o(RESET) refers to snakegamemain.o(i.GPIOPortE_Handler) for GPIOPortE_Handler
    startup.o(RESET) refers to snakegamemain.o(i.GPIOPortF_Handler) for GPIOPortF_Handler
    startup.o(RESET) refers to texas.o(i.Timer4A_Handler) for Timer4A_Handler
    startup.o(RESET) refers to texas.o(i.Timer5A_Handler) for Timer5A_Handler
    startup.o(RESET) refers to __main.o(!!!main) for __main
    startup.o(.text) refers (Special) to heapauxi.o(.text) for __use_two_region_memory
    startup.o(.text) refers to startup.o(HEAP) for HeapMem
    startup.o(.text) refers to startup.o(STACK) for StackMem
    random.o(.text) refers to random.o(DATA) for M
    texas.o(i.SetCode) refers to texas.o(.bss) for TExaS
    texas.o(i.SetCourse) refers to texas.o(.bss) for TExaS
    texas.o(i.SetMode) refers to texas.o(.bss) for TExaS
    texas.o(i.StartTimer4) refers to texas.o(.data) for ScopeCount
    texas.o(i.TExaS_Init) refers to texas.o(i.PLL_Init) for PLL_Init
    texas.o(i.TExaS_Init) refers to texas.o(i.SetCourse) for SetCourse
    texas.o(i.TExaS_Init) refers to texas.o(i.UART0_Init) for UART0_Init
    texas.o(i.TExaS_Init) refers to texas.o(i.SetCode) for SetCode
    texas.o(i.TExaS_Init) refers to texas.o(i.ADC1_Init) for ADC1_Init
    texas.o(i.TExaS_Init) refers to texas.o(.constdata) for IntroMsg
    texas.o(i.TExaS_Init) refers to texas.o(.bss) for TExaS
    texas.o(i.TExaS_Init) refers to texas.o(.data) for LastMode
    texas.o(i.Timer5A_Handler) refers to texas.o(i.ADC1_In) for ADC1_In
    texas.o(i.Timer5A_Handler) refers to texas.o(.data) for TExaS_Period
    virtualnokia5110.o(i.Nokia5110_Clear) refers to virtualnokia5110.o(i.lcdwrite) for lcdwrite
    virtualnokia5110.o(i.Nokia5110_Clear) refers to virtualnokia5110.o(i.Nokia5110_SetCursor) for Nokia5110_SetCursor
    virtualnokia5110.o(i.Nokia5110_ClearBuffer) refers to virtualnokia5110.o(.bss) for Screen
    virtualnokia5110.o(i.Nokia5110_ClearPixel) refers to virtualnokia5110.o(.bss) for Screen
    virtualnokia5110.o(i.Nokia5110_DisplayBuffer) refers to virtualnokia5110.o(i.Nokia5110_DrawFullImage) for Nokia5110_DrawFullImage
    virtualnokia5110.o(i.Nokia5110_DisplayBuffer) refers to virtualnokia5110.o(.bss) for Screen
    virtualnokia5110.o(i.Nokia5110_DrawFullImage) refers to virtualnokia5110.o(i.Nokia5110_SetCursor) for Nokia5110_SetCursor
    virtualnokia5110.o(i.Nokia5110_DrawFullImage) refers to virtualnokia5110.o(i.lcdwrite) for lcdwrite
    virtualnokia5110.o(i.Nokia5110_Init) refers to virtualnokia5110.o(i.lcdwrite) for lcdwrite
    virtualnokia5110.o(i.Nokia5110_OutChar) refers to virtualnokia5110.o(i.lcdwrite) for lcdwrite
    virtualnokia5110.o(i.Nokia5110_OutChar) refers to virtualnokia5110.o(.constdata) for ASCII
    virtualnokia5110.o(i.Nokia5110_OutString) refers to virtualnokia5110.o(i.Nokia5110_OutChar) for Nokia5110_OutChar
    virtualnokia5110.o(i.Nokia5110_OutUDec) refers to virtualnokia5110.o(i.Nokia5110_OutString) for Nokia5110_OutString
    virtualnokia5110.o(i.Nokia5110_OutUDec) refers to virtualnokia5110.o(i.Nokia5110_OutChar) for Nokia5110_OutChar
    virtualnokia5110.o(i.Nokia5110_PrintBMP) refers to virtualnokia5110.o(.bss) for Screen
    virtualnokia5110.o(i.Nokia5110_SetCursor) refers to virtualnokia5110.o(i.lcdwrite) for lcdwrite
    virtualnokia5110.o(i.Nokia5110_SetPixel) refers to virtualnokia5110.o(.bss) for Screen
    snakegamemain.o(i.DrawBorder) refers to virtualnokia5110.o(i.Nokia5110_SetPixel) for Nokia5110_SetPixel
    snakegamemain.o(i.GPIOPortE_Handler) refers to snakemodule.o(i.setDirection) for setDirection
    snakegamemain.o(i.GPIOPortE_Handler) refers to snakegamemain.o(.data) for LEFT_ADC
    snakegamemain.o(i.GPIOPortF_Handler) refers to snakemodule.o(i.setDirection) for setDirection
    snakegamemain.o(i.GPIOPortF_Handler) refers to snakegamemain.o(.data) for SW1
    snakegamemain.o(i.SysTick_Handler) refers to virtualnokia5110.o(i.Nokia5110_ClearBuffer) for Nokia5110_ClearBuffer
    snakegamemain.o(i.SysTick_Handler) refers to snakegamemain.o(i.checkGameOver) for checkGameOver
    snakegamemain.o(i.SysTick_Handler) refers to snakemodule.o(i.MoveSnake) for MoveSnake
    snakegamemain.o(i.SysTick_Handler) refers to snakegamemain.o(i.DrawBorder) for DrawBorder
    snakegamemain.o(i.SysTick_Handler) refers to snakemodule.o(i.DrawSnake) for DrawSnake
    snakegamemain.o(i.SysTick_Handler) refers to fruitmodule.o(i.fruitPlace) for fruitPlace
    snakegamemain.o(i.SysTick_Handler) refers to fruitmodule.o(i.checkFruitCollission) for checkFruitCollission
    snakegamemain.o(i.SysTick_Handler) refers to virtualnokia5110.o(i.Nokia5110_SetCursor) for Nokia5110_SetCursor
    snakegamemain.o(i.SysTick_Handler) refers to virtualnokia5110.o(i.Nokia5110_OutString) for Nokia5110_OutString
    snakegamemain.o(i.SysTick_Handler) refers to virtualnokia5110.o(i.Nokia5110_DisplayBuffer) for Nokia5110_DisplayBuffer
    snakegamemain.o(i.SysTick_Handler) refers to snakegamemain.o(.data) for gameOverState
    snakegamemain.o(i.checkGameOver) refers to snakemodule.o(i.getSnakeHeadX) for getSnakeHeadX
    snakegamemain.o(i.checkGameOver) refers to snakemodule.o(i.getSnakeHeadY) for getSnakeHeadY
    snakegamemain.o(i.checkGameOver) refers to snakemodule.o(i.checkBodyCollision) for checkBodyCollision
    snakegamemain.o(i.checkGameOver) refers to snakegamemain.o(.data) for gameOverState
    snakegamemain.o(i.main) refers to texas.o(i.TExaS_Init) for TExaS_Init
    snakegamemain.o(i.main) refers to random.o(.text) for Random_Init
    snakegamemain.o(i.main) refers to virtualnokia5110.o(i.Nokia5110_Init) for Nokia5110_Init
    snakegamemain.o(i.main) refers to init.o(i.PortF_Init) for PortF_Init
    snakegamemain.o(i.main) refers to init.o(i.PortE_Init) for PortE_Init
    snakegamemain.o(i.main) refers to init.o(i.SysTick_Init) for SysTick_Init
    snakegamemain.o(i.main) refers to snakemodule.o(i.Snake_init) for Snake_init
    snakegamemain.o(i.main) refers to fruitmodule.o(i.Fruit_init) for Fruit_init
    snakegamemain.o(i.main) refers to snakegamemain.o(.data) for period
    snakemodule.o(i.DrawSnake) refers to virtualnokia5110.o(i.Nokia5110_SetPixel) for Nokia5110_SetPixel
    snakemodule.o(i.DrawSnake) refers to snakemodule.o(.data) for tail_cusor
    snakemodule.o(i.DrawSnake) refers to snakemodule.o(.bss) for snake_tail
    snakemodule.o(i.GrowSnake) refers to snakemodule.o(.data) for currentTailSize
    snakemodule.o(i.MoveSnake) refers to snakemodule.o(.data) for snake_head
    snakemodule.o(i.MoveSnake) refers to snakemodule.o(.bss) for snake_tail
    snakemodule.o(i.Snake_init) refers to rt_memclr_w.o(.text) for __aeabi_memclr4
    snakemodule.o(i.Snake_init) refers to snakemodule.o(.data) for snake_head
    snakemodule.o(i.Snake_init) refers to snakemodule.o(.bss) for snake_tail
    snakemodule.o(i.checkBodyCollision) refers to snakemodule.o(.data) for snake_head
    snakemodule.o(i.checkBodyCollision) refers to snakemodule.o(.bss) for snake_tail
    snakemodule.o(i.getCurrentDirection) refers to snakemodule.o(.data) for currentDirection
    snakemodule.o(i.getCursor) refers to snakemodule.o(.data) for tail_cusor
    snakemodule.o(i.getSnakeHeadX) refers to snakemodule.o(.data) for snake_head
    snakemodule.o(i.getSnakeHeadY) refers to snakemodule.o(.data) for snake_head
    snakemodule.o(i.getTailLength) refers to snakemodule.o(.data) for currentTailSize
    snakemodule.o(i.getTailPos) refers to snakemodule.o(.bss) for snake_tail
    snakemodule.o(i.setDirection) refers to snakemodule.o(.data) for currentDirection
    fruitmodule.o(i.Fruit_init) refers to random.o(.text) for Random_Init
    fruitmodule.o(i.Fruit_init) refers to fruitmodule.o(.data) for Fruit
    fruitmodule.o(i.checkFruitCollission) refers to fruitmodule.o(i.checkFruitX) for checkFruitX
    fruitmodule.o(i.checkFruitX) refers to fruitmodule.o(i.getFruitX) for getFruitX
    fruitmodule.o(i.checkFruitX) refers to fruitmodule.o(i.checkFruitY) for checkFruitY
    fruitmodule.o(i.checkFruitX) refers to random.o(.text) for Random
    fruitmodule.o(i.checkFruitX) refers to snakemodule.o(i.GrowSnake) for GrowSnake
    fruitmodule.o(i.checkFruitX) refers to fruitmodule.o(.data) for fruitFlag
    fruitmodule.o(i.checkFruitY) refers to fruitmodule.o(i.getFruitY) for getFruitY
    fruitmodule.o(i.checkFruitY) refers to snakemodule.o(i.getSnakeHeadX) for getSnakeHeadX
    fruitmodule.o(i.checkFruitY) refers to snakemodule.o(i.getSnakeHeadY) for getSnakeHeadY
    fruitmodule.o(i.fruitPlace) refers to virtualnokia5110.o(i.Nokia5110_PrintBMP) for Nokia5110_PrintBMP
    fruitmodule.o(i.fruitPlace) refers to fruitmodule.o(.data) for fruitFlag
    fruitmodule.o(i.fruitPlace) refers to fruitmodule.o(.constdata) for Fruit_BMP
    fruitmodule.o(i.getFruitX) refers to fruitmodule.o(.data) for Fruit
    fruitmodule.o(i.getFruitY) refers to fruitmodule.o(.data) for Fruit
    __main.o(!!!main) refers to rtentry.o(.ARM.Collect$$rtentry$$00000000) for __rt_entry
    rtentry.o(.ARM.Collect$$rtentry$$00000000) refers (Special) to rtentry2.o(.ARM.Collect$$rtentry$$0000000A) for __rt_entry_li
    rtentry.o(.ARM.Collect$$rtentry$$00000000) refers (Special) to rtentry2.o(.ARM.Collect$$rtentry$$0000000D) for __rt_entry_main
    rtentry.o(.ARM.Collect$$rtentry$$00000000) refers (Special) to rtentry2.o(.ARM.Collect$$rtentry$$0000000C) for __rt_entry_postli_1
    rtentry.o(.ARM.Collect$$rtentry$$00000000) refers (Special) to rtentry2.o(.ARM.Collect$$rtentry$$00000009) for __rt_entry_postsh_1
    rtentry.o(.ARM.Collect$$rtentry$$00000000) refers (Special) to rtentry2.o(.ARM.Collect$$rtentry$$00000002) for __rt_entry_presh_1
    rtentry.o(.ARM.Collect$$rtentry$$00000000) refers (Special) to rtentry4.o(.ARM.Collect$$rtentry$$00000004) for __rt_entry_sh
    rtentry2.o(.ARM.Collect$$rtentry$$00000008) refers to boardinit2.o(.text) for _platform_post_stackheap_init
    rtentry2.o(.ARM.Collect$$rtentry$$0000000A) refers to libinit.o(.ARM.Collect$$libinit$$00000000) for __rt_lib_init
    rtentry2.o(.ARM.Collect$$rtentry$$0000000B) refers to boardinit3.o(.text) for _platform_post_lib_init
    rtentry2.o(.ARM.Collect$$rtentry$$0000000D) refers to snakegamemain.o(i.main) for main
    rtentry2.o(.ARM.Collect$$rtentry$$0000000D) refers to exit.o(.text) for exit
    rtentry2.o(.ARM.exidx) refers to rtentry2.o(.ARM.Collect$$rtentry$$00000001) for .ARM.Collect$$rtentry$$00000001
    rtentry2.o(.ARM.exidx) refers to rtentry2.o(.ARM.Collect$$rtentry$$00000008) for .ARM.Collect$$rtentry$$00000008
    rtentry2.o(.ARM.exidx) refers to rtentry2.o(.ARM.Collect$$rtentry$$0000000A) for .ARM.Collect$$rtentry$$0000000A
    rtentry2.o(.ARM.exidx) refers to rtentry2.o(.ARM.Collect$$rtentry$$0000000B) for .ARM.Collect$$rtentry$$0000000B
    rtentry2.o(.ARM.exidx) refers to rtentry2.o(.ARM.Collect$$rtentry$$0000000D) for .ARM.Collect$$rtentry$$0000000D
    rtentry4.o(.ARM.Collect$$rtentry$$00000004) refers to sys_stackheap_outer.o(.text) for __user_setup_stackheap
    rtentry4.o(.ARM.exidx) refers to rtentry4.o(.ARM.Collect$$rtentry$$00000004) for .ARM.Collect$$rtentry$$00000004
    sys_stackheap_outer.o(.text) refers to libspace.o(.text) for __user_perproc_libspace
    sys_stackheap_outer.o(.text) refers to startup.o(.text) for __user_initial_stackheap
    exit.o(.text) refers to rtexit.o(.ARM.Collect$$rtexit$$00000000) for __rt_exit
    libinit.o(.ARM.Collect$$libinit$$00000000) refers (Special) to libinit2.o(.ARM.Collect$$libinit$$0000002C) for __rt_lib_init_alloca_1
    libinit.o(.ARM.Collect$$libinit$$00000000) refers (Special) to libinit2.o(.ARM.Collect$$libinit$$0000002A) for __rt_lib_init_argv_1
    libinit.o(.ARM.Collect$$libinit$$00000000) refers (Special) to libinit2.o(.ARM.Collect$$libinit$$00000019) for __rt_lib_init_atexit_1
    libinit.o(.ARM.Collect$$libinit$$00000000) refers (Special) to libinit2.o(.ARM.Collect$$libinit$$0000001F) for __rt_lib_init_clock_1
    libinit.o(.ARM.Collect$$libinit$$00000000) refers (Special) to libinit2.o(.ARM.Collect$$libinit$$00000030) for __rt_lib_init_cpp_1
    libinit.o(.ARM.Collect$$libinit$$00000000) refers (Special) to libinit2.o(.ARM.Collect$$libinit$$0000002E) for __rt_lib_init_exceptions_1
    libinit.o(.ARM.Collect$$libinit$$00000000) refers (Special) to libinit2.o(.ARM.Collect$$libinit$$00000002) for __rt_lib_init_fp_1
    libinit.o(.ARM.Collect$$libinit$$00000000) refers (Special) to libinit2.o(.ARM.Collect$$libinit$$0000001D) for __rt_lib_init_fp_trap_1
    libinit.o(.ARM.Collect$$libinit$$00000000) refers (Special) to libinit2.o(.ARM.Collect$$libinit$$00000021) for __rt_lib_init_getenv_1
    libinit.o(.ARM.Collect$$libinit$$00000000) refers (Special) to libinit2.o(.ARM.Collect$$libinit$$00000008) for __rt_lib_init_heap_1
    libinit.o(.ARM.Collect$$libinit$$00000000) refers (Special) to libinit2.o(.ARM.Collect$$libinit$$0000000F) for __rt_lib_init_lc_collate_1
    libinit.o(.ARM.Collect$$libinit$$00000000) refers (Special) to libinit2.o(.ARM.Collect$$libinit$$00000011) for __rt_lib_init_lc_ctype_1
    libinit.o(.ARM.Collect$$libinit$$00000000) refers (Special) to libinit2.o(.ARM.Collect$$libinit$$00000013) for __rt_lib_init_lc_monetary_1
    libinit.o(.ARM.Collect$$libinit$$00000000) refers (Special) to libinit2.o(.ARM.Collect$$libinit$$00000015) for __rt_lib_init_lc_numeric_1
    libinit.o(.ARM.Collect$$libinit$$00000000) refers (Special) to libinit2.o(.ARM.Collect$$libinit$$00000017) for __rt_lib_init_lc_time_1
    libinit.o(.ARM.Collect$$libinit$$00000000) refers (Special) to libinit2.o(.ARM.Collect$$libinit$$0000000C) for __rt_lib_init_rand_1
    libinit.o(.ARM.Collect$$libinit$$00000000) refers (Special) to libinit2.o(.ARM.Collect$$libinit$$00000031) for __rt_lib_init_return
    libinit.o(.ARM.Collect$$libinit$$00000000) refers (Special) to libinit2.o(.ARM.Collect$$libinit$$0000001B) for __rt_lib_init_signal_1
    libinit.o(.ARM.Collect$$libinit$$00000000) refers (Special) to libinit2.o(.ARM.Collect$$libinit$$00000023) for __rt_lib_init_stdio_1
    libinit.o(.ARM.Collect$$libinit$$00000000) refers (Special) to libinit2.o(.ARM.Collect$$libinit$$0000000A) for __rt_lib_init_user_alloc_1
    libspace.o(.text) refers to libspace.o(.bss) for __libspace_start
    rtexit.o(.ARM.Collect$$rtexit$$00000000) refers (Special) to rtexit2.o(.ARM.Collect$$rtexit$$00000004) for __rt_exit_exit
    rtexit.o(.ARM.Collect$$rtexit$$00000000) refers (Special) to rtexit2.o(.ARM.Collect$$rtexit$$00000003) for __rt_exit_ls
    rtexit.o(.ARM.Collect$$rtexit$$00000000) refers (Special) to rtexit2.o(.ARM.Collect$$rtexit$$00000002) for __rt_exit_prels_1
    rtexit.o(.ARM.exidx) refers (Special) to rtexit2.o(.ARM.Collect$$rtexit$$00000004) for __rt_exit_exit
    rtexit.o(.ARM.exidx) refers (Special) to rtexit2.o(.ARM.Collect$$rtexit$$00000003) for __rt_exit_ls
    rtexit.o(.ARM.exidx) refers (Special) to rtexit2.o(.ARM.Collect$$rtexit$$00000002) for __rt_exit_prels_1
    rtexit.o(.ARM.exidx) refers to rtexit.o(.ARM.Collect$$rtexit$$00000000) for .ARM.Collect$$rtexit$$00000000
    libinit2.o(.ARM.Collect$$libinit$$0000000E) refers to libinit2.o(.ARM.Collect$$libinit$$0000000D) for .ARM.Collect$$libinit$$0000000D
    libinit2.o(.ARM.Collect$$libinit$$00000010) refers to libinit2.o(.ARM.Collect$$libinit$$0000000D) for .ARM.Collect$$libinit$$0000000D
    libinit2.o(.ARM.Collect$$libinit$$00000012) refers to libinit2.o(.ARM.Collect$$libinit$$0000000D) for .ARM.Collect$$libinit$$0000000D
    libinit2.o(.ARM.Collect$$libinit$$00000014) refers to libinit2.o(.ARM.Collect$$libinit$$0000000D) for .ARM.Collect$$libinit$$0000000D
    libinit2.o(.ARM.Collect$$libinit$$00000016) refers to libinit2.o(.ARM.Collect$$libinit$$0000000D) for .ARM.Collect$$libinit$$0000000D
    libinit2.o(.ARM.Collect$$libinit$$00000024) refers to argv_veneer.o(.emb_text) for __ARM_argv_veneer
    libinit2.o(.ARM.Collect$$libinit$$00000025) refers to argv_veneer.o(.emb_text) for __ARM_argv_veneer
    rtexit2.o(.ARM.Collect$$rtexit$$00000003) refers to libshutdown.o(.ARM.Collect$$libshutdown$$00000000) for __rt_lib_shutdown
    rtexit2.o(.ARM.Collect$$rtexit$$00000004) refers to sys_exit.o(.text) for _sys_exit
    rtexit2.o(.ARM.exidx) refers to rtexit2.o(.ARM.Collect$$rtexit$$00000001) for .ARM.Collect$$rtexit$$00000001
    rtexit2.o(.ARM.exidx) refers to rtexit2.o(.ARM.Collect$$rtexit$$00000003) for .ARM.Collect$$rtexit$$00000003
    rtexit2.o(.ARM.exidx) refers to rtexit2.o(.ARM.Collect$$rtexit$$00000004) for .ARM.Collect$$rtexit$$00000004
    argv_veneer.o(.emb_text) refers to no_argv.o(.text) for __ARM_get_argv
    sys_exit.o(.text) refers (Special) to use_no_semi.o(.text) for __I$use$semihosting
    sys_exit.o(.text) refers (Special) to indicate_semi.o(.text) for __semihosting_library_function
    _get_argv_nomalloc.o(.text) refers (Special) to hrguard.o(.text) for __heap_region$guard
    _get_argv_nomalloc.o(.text) refers to defsig_rtmem_outer.o(.text) for __rt_SIGRTMEM
    _get_argv_nomalloc.o(.text) refers to sys_command.o(.text) for _sys_command_string
    libshutdown.o(.ARM.Collect$$libshutdown$$00000000) refers (Special) to libshutdown2.o(.ARM.Collect$$libshutdown$$00000006) for __rt_lib_shutdown_fp_trap_1
    libshutdown.o(.ARM.Collect$$libshutdown$$00000000) refers (Special) to libshutdown2.o(.ARM.Collect$$libshutdown$$0000000E) for __rt_lib_shutdown_heap_1
    libshutdown.o(.ARM.Collect$$libshutdown$$00000000) refers (Special) to libshutdown2.o(.ARM.Collect$$libshutdown$$0000000F) for __rt_lib_shutdown_return
    libshutdown.o(.ARM.Collect$$libshutdown$$00000000) refers (Special) to libshutdown2.o(.ARM.Collect$$libshutdown$$00000009) for __rt_lib_shutdown_signal_1
    libshutdown.o(.ARM.Collect$$libshutdown$$00000000) refers (Special) to libshutdown2.o(.ARM.Collect$$libshutdown$$00000003) for __rt_lib_shutdown_stdio_1
    libshutdown.o(.ARM.Collect$$libshutdown$$00000000) refers (Special) to libshutdown2.o(.ARM.Collect$$libshutdown$$0000000B) for __rt_lib_shutdown_user_alloc_1
    sys_command.o(.text) refers (Special) to use_no_semi.o(.text) for __I$use$semihosting
    sys_command.o(.text) refers (Special) to indicate_semi.o(.text) for __semihosting_library_function
    defsig_rtmem_outer.o(.text) refers to defsig_rtmem_inner.o(.text) for __rt_SIGRTMEM_inner
    defsig_rtmem_outer.o(.text) refers to defsig_exit.o(.text) for __sig_exit
    defsig_rtmem_formal.o(.text) refers to rt_raise.o(.text) for __rt_raise
    rt_raise.o(.text) refers to __raise.o(.text) for __raise
    rt_raise.o(.text) refers to sys_exit.o(.text) for _sys_exit
    defsig_exit.o(.text) refers to sys_exit.o(.text) for _sys_exit
    defsig_rtmem_inner.o(.text) refers to defsig_general.o(.text) for __default_signal_display
    __raise.o(.text) refers to defsig.o(CL$$defsig) for __default_signal_handler
    defsig_general.o(.text) refers to sys_wrch.o(.text) for _ttywrch
    sys_wrch.o(.text) refers (Special) to use_no_semi.o(.text) for __I$use$semihosting
    sys_wrch.o(.text) refers (Special) to indicate_semi.o(.text) for __semihosting_library_function
    defsig.o(CL$$defsig) refers to defsig_rtmem_inner.o(.text) for __rt_SIGRTMEM_inner
    defsig_abrt_inner.o(.text) refers to defsig_general.o(.text) for __default_signal_display
    defsig_fpe_inner.o(.text) refers to defsig_general.o(.text) for __default_signal_display
    defsig_rtred_inner.o(.text) refers to defsig_general.o(.text) for __default_signal_display
    defsig_stak_inner.o(.text) refers to defsig_general.o(.text) for __default_signal_display
    defsig_pvfn_inner.o(.text) refers to defsig_general.o(.text) for __default_signal_display
    defsig_cppl_inner.o(.text) refers to defsig_general.o(.text) for __default_signal_display
    defsig_segv_inner.o(.text) refers to defsig_general.o(.text) for __default_signal_display
    defsig_other.o(.text) refers to defsig_general.o(.text) for __default_signal_display


==============================================================================

Removing Unused input sections from the image.

    Removing texas.o(i.SetMode), (24 bytes).
    Removing texas.o(i.StartTimer4), (36 bytes).
    Removing texas.o(i.StopTimer4), (24 bytes).
    Removing texas.o(i.TExaS_Stop), (28 bytes).
    Removing texas.o(i.UART0_InChar), (24 bytes).
    Removing texas.o(i.UART0_InCharNonBlocking), (28 bytes).
    Removing texas.o(i.UART0_OutChar), (24 bytes).
    Removing texas.o(i.UART0_OutCharNonBlock), (12 bytes).
    Removing texas.o(i.copy), (18 bytes).
    Removing virtualnokia5110.o(i.Nokia5110_Clear), (32 bytes).
    Removing virtualnokia5110.o(i.Nokia5110_ClearPixel), (68 bytes).
    Removing virtualnokia5110.o(i.Nokia5110_OutUDec), (412 bytes).
    Removing snakegamemain.o(.constdata), (480 bytes).
    Removing snakemodule.o(i.getCurrentDirection), (12 bytes).
    Removing snakemodule.o(i.getCursor), (12 bytes).
    Removing snakemodule.o(i.getTailLength), (12 bytes).
    Removing snakemodule.o(i.getTailPos), (20 bytes).
    Removing snakemodule.o(.constdata), (480 bytes).
    Removing adc.o(i.ADC0_In), (44 bytes).
    Removing adc.o(i.ADC0_Init), (208 bytes).

20 unused section(s) (total 1998 bytes) removed from the image.

==============================================================================

Image Symbol Table

    Local Symbols

    Symbol Name                              Value     Ov Type        Size  Object(Section)

    RESET                                    0x00000000   Section      644  startup.o(RESET)
    ../clib/angel/boardlib.s                 0x00000000   Number         0  boardinit1.o ABSOLUTE
    ../clib/angel/boardlib.s                 0x00000000   Number         0  boardshut.o ABSOLUTE
    ../clib/angel/boardlib.s                 0x00000000   Number         0  boardinit2.o ABSOLUTE
    ../clib/angel/boardlib.s                 0x00000000   Number         0  boardinit3.o ABSOLUTE
    ../clib/angel/handlers.s                 0x00000000   Number         0  __scatter_zi.o ABSOLUTE
    ../clib/angel/handlers.s                 0x00000000   Number         0  __scatter_copy.o ABSOLUTE
    ../clib/angel/kernel.s                   0x00000000   Number         0  rtexit.o ABSOLUTE
    ../clib/angel/kernel.s                   0x00000000   Number         0  rtentry2.o ABSOLUTE
    ../clib/angel/kernel.s                   0x00000000   Number         0  rtentry.o ABSOLUTE
    ../clib/angel/kernel.s                   0x00000000   Number         0  rtentry4.o ABSOLUTE
    ../clib/angel/kernel.s                   0x00000000   Number         0  rtexit2.o ABSOLUTE
    ../clib/angel/rt.s                       0x00000000   Number         0  rt_raise.o ABSOLUTE
    ../clib/angel/scatter.s                  0x00000000   Number         0  __scatter.o ABSOLUTE
    ../clib/angel/startup.s                  0x00000000   Number         0  __main.o ABSOLUTE
    ../clib/angel/sys.s                      0x00000000   Number         0  sys_stackheap_outer.o ABSOLUTE
    ../clib/angel/sys.s                      0x00000000   Number         0  use_no_semi.o ABSOLUTE
    ../clib/angel/sys.s                      0x00000000   Number         0  indicate_semi.o ABSOLUTE
    ../clib/angel/sys.s                      0x00000000   Number         0  libspace.o ABSOLUTE
    ../clib/angel/sysapp.c                   0x00000000   Number         0  sys_command.o ABSOLUTE
    ../clib/angel/sysapp.c                   0x00000000   Number         0  sys_wrch.o ABSOLUTE
    ../clib/angel/sysapp.c                   0x00000000   Number         0  sys_exit.o ABSOLUTE
    ../clib/armsys.c                         0x00000000   Number         0  no_argv.o ABSOLUTE
    ../clib/armsys.c                         0x00000000   Number         0  _get_argv_nomalloc.o ABSOLUTE
    ../clib/armsys.c                         0x00000000   Number         0  argv_veneer.o ABSOLUTE
    ../clib/armsys.c                         0x00000000   Number         0  argv_veneer.o ABSOLUTE
    ../clib/heapalloc.c                      0x00000000   Number         0  hrguard.o ABSOLUTE
    ../clib/heapaux.c                        0x00000000   Number         0  heapauxi.o ABSOLUTE
    ../clib/libinit.s                        0x00000000   Number         0  libinit.o ABSOLUTE
    ../clib/libinit.s                        0x00000000   Number         0  libshutdown2.o ABSOLUTE
    ../clib/libinit.s                        0x00000000   Number         0  libinit2.o ABSOLUTE
    ../clib/libinit.s                        0x00000000   Number         0  libshutdown.o ABSOLUTE
    ../clib/memcpset.s                       0x00000000   Number         0  rt_memclr_w.o ABSOLUTE
    ../clib/signal.c                         0x00000000   Number         0  defsig_other.o ABSOLUTE
    ../clib/signal.c                         0x00000000   Number         0  defsig_segv_inner.o ABSOLUTE
    ../clib/signal.c                         0x00000000   Number         0  defsig_pvfn_inner.o ABSOLUTE
    ../clib/signal.c                         0x00000000   Number         0  defsig_stak_inner.o ABSOLUTE
    ../clib/signal.c                         0x00000000   Number         0  defsig_rtred_inner.o ABSOLUTE
    ../clib/signal.c                         0x00000000   Number         0  defsig_rtmem_formal.o ABSOLUTE
    ../clib/signal.c                         0x00000000   Number         0  defsig_rtmem_outer.o ABSOLUTE
    ../clib/signal.c                         0x00000000   Number         0  defsig_exit.o ABSOLUTE
    ../clib/signal.c                         0x00000000   Number         0  defsig_rtmem_inner.o ABSOLUTE
    ../clib/signal.c                         0x00000000   Number         0  defsig_cppl_inner.o ABSOLUTE
    ../clib/signal.c                         0x00000000   Number         0  __raise.o ABSOLUTE
    ../clib/signal.c                         0x00000000   Number         0  defsig_general.o ABSOLUTE
    ../clib/signal.c                         0x00000000   Number         0  defsig_abrt_inner.o ABSOLUTE
    ../clib/signal.c                         0x00000000   Number         0  defsig_fpe_inner.o ABSOLUTE
    ../clib/signal.s                         0x00000000   Number         0  defsig.o ABSOLUTE
    ../clib/stdlib.c                         0x00000000   Number         0  exit.o ABSOLUTE
    ../fplib/fpinit.s                        0x00000000   Number         0  fpinit.o ABSOLUTE
    ADC.c                                    0x00000000   Number         0  adc.o ABSOLUTE
    FruitModule.c                            0x00000000   Number         0  fruitmodule.o ABSOLUTE
    Init.c                                   0x00000000   Number         0  init.o ABSOLUTE
    SnakeGameMain.c                          0x00000000   Number         0  snakegamemain.o ABSOLUTE
    SnakeModule.c                            0x00000000   Number         0  snakemodule.o ABSOLUTE
    TExaS.c                                  0x00000000   Number         0  texas.o ABSOLUTE
    VirtualNokia5110.c                       0x00000000   Number         0  virtualnokia5110.o ABSOLUTE
    dc.s                                     0x00000000   Number         0  dc.o ABSOLUTE
    random.s                                 0x00000000   Number         0  random.o ABSOLUTE
    startup.s                                0x00000000   Number         0  startup.o ABSOLUTE
    !!!main                                  0x00000284   Section        8  __main.o(!!!main)
    !!!scatter                               0x0000028c   Section       52  __scatter.o(!!!scatter)
    !!handler_copy                           0x000002c0   Section       26  __scatter_copy.o(!!handler_copy)
    !!handler_zi                             0x000002dc   Section       28  __scatter_zi.o(!!handler_zi)
    .ARM.Collect$$libinit$$00000000          0x000002f8   Section        2  libinit.o(.ARM.Collect$$libinit$$00000000)
    .ARM.Collect$$libinit$$00000002          0x000002fa   Section        0  libinit2.o(.ARM.Collect$$libinit$$00000002)
    .ARM.Collect$$libinit$$00000008          0x000002fa   Section        0  libinit2.o(.ARM.Collect$$libinit$$00000008)
    .ARM.Collect$$libinit$$0000000A          0x000002fa   Section        0  libinit2.o(.ARM.Collect$$libinit$$0000000A)
    .ARM.Collect$$libinit$$0000000C          0x000002fa   Section        0  libinit2.o(.ARM.Collect$$libinit$$0000000C)
    .ARM.Collect$$libinit$$0000000F          0x000002fa   Section        0  libinit2.o(.ARM.Collect$$libinit$$0000000F)
    .ARM.Collect$$libinit$$00000011          0x000002fa   Section        0  libinit2.o(.ARM.Collect$$libinit$$00000011)
    .ARM.Collect$$libinit$$00000013          0x000002fa   Section        0  libinit2.o(.ARM.Collect$$libinit$$00000013)
    .ARM.Collect$$libinit$$00000015          0x000002fa   Section        0  libinit2.o(.ARM.Collect$$libinit$$00000015)
    .ARM.Collect$$libinit$$00000017          0x000002fa   Section        0  libinit2.o(.ARM.Collect$$libinit$$00000017)
    .ARM.Collect$$libinit$$00000019          0x000002fa   Section        0  libinit2.o(.ARM.Collect$$libinit$$00000019)
    .ARM.Collect$$libinit$$0000001B          0x000002fa   Section        0  libinit2.o(.ARM.Collect$$libinit$$0000001B)
    .ARM.Collect$$libinit$$0000001D          0x000002fa   Section        0  libinit2.o(.ARM.Collect$$libinit$$0000001D)
    .ARM.Collect$$libinit$$0000001F          0x000002fa   Section        0  libinit2.o(.ARM.Collect$$libinit$$0000001F)
    .ARM.Collect$$libinit$$00000021          0x000002fa   Section        0  libinit2.o(.ARM.Collect$$libinit$$00000021)
    .ARM.Collect$$libinit$$00000023          0x000002fa   Section        0  libinit2.o(.ARM.Collect$$libinit$$00000023)
    .ARM.Collect$$libinit$$0000002A          0x000002fa   Section        0  libinit2.o(.ARM.Collect$$libinit$$0000002A)
    .ARM.Collect$$libinit$$0000002C          0x000002fa   Section        0  libinit2.o(.ARM.Collect$$libinit$$0000002C)
    .ARM.Collect$$libinit$$0000002E          0x000002fa   Section        0  libinit2.o(.ARM.Collect$$libinit$$0000002E)
    .ARM.Collect$$libinit$$00000030          0x000002fa   Section        0  libinit2.o(.ARM.Collect$$libinit$$00000030)
    .ARM.Collect$$libinit$$00000031          0x000002fa   Section        2  libinit2.o(.ARM.Collect$$libinit$$00000031)
    .ARM.Collect$$libshutdown$$00000000      0x000002fc   Section        2  libshutdown.o(.ARM.Collect$$libshutdown$$00000000)
    .ARM.Collect$$libshutdown$$00000003      0x000002fe   Section        0  libshutdown2.o(.ARM.Collect$$libshutdown$$00000003)
    .ARM.Collect$$libshutdown$$00000006      0x000002fe   Section        0  libshutdown2.o(.ARM.Collect$$libshutdown$$00000006)
    .ARM.Collect$$libshutdown$$00000009      0x000002fe   Section        0  libshutdown2.o(.ARM.Collect$$libshutdown$$00000009)
    .ARM.Collect$$libshutdown$$0000000B      0x000002fe   Section        0  libshutdown2.o(.ARM.Collect$$libshutdown$$0000000B)
    .ARM.Collect$$libshutdown$$0000000E      0x000002fe   Section        0  libshutdown2.o(.ARM.Collect$$libshutdown$$0000000E)
    .ARM.Collect$$libshutdown$$0000000F      0x000002fe   Section        2  libshutdown2.o(.ARM.Collect$$libshutdown$$0000000F)
    .ARM.Collect$$rtentry$$00000000          0x00000300   Section        0  rtentry.o(.ARM.Collect$$rtentry$$00000000)
    .ARM.Collect$$rtentry$$00000002          0x00000300   Section        0  rtentry2.o(.ARM.Collect$$rtentry$$00000002)
    .ARM.Collect$$rtentry$$00000004          0x00000300   Section        6  rtentry4.o(.ARM.Collect$$rtentry$$00000004)
    .ARM.Collect$$rtentry$$00000009          0x00000306   Section        0  rtentry2.o(.ARM.Collect$$rtentry$$00000009)
    .ARM.Collect$$rtentry$$0000000A          0x00000306   Section        4  rtentry2.o(.ARM.Collect$$rtentry$$0000000A)
    .ARM.Collect$$rtentry$$0000000C          0x0000030a   Section        0  rtentry2.o(.ARM.Collect$$rtentry$$0000000C)
    .ARM.Collect$$rtentry$$0000000D          0x0000030a   Section        8  rtentry2.o(.ARM.Collect$$rtentry$$0000000D)
    .ARM.Collect$$rtexit$$00000000           0x00000312   Section        2  rtexit.o(.ARM.Collect$$rtexit$$00000000)
    .ARM.Collect$$rtexit$$00000002           0x00000314   Section        0  rtexit2.o(.ARM.Collect$$rtexit$$00000002)
    .ARM.Collect$$rtexit$$00000003           0x00000314   Section        4  rtexit2.o(.ARM.Collect$$rtexit$$00000003)
    .ARM.Collect$$rtexit$$00000004           0x00000318   Section        6  rtexit2.o(.ARM.Collect$$rtexit$$00000004)
    .text                                    0x00000320   Section       48  startup.o(.text)
    .text                                    0x00000350   Section       36  random.o(.text)
    .text                                    0x00000374   Section       78  rt_memclr_w.o(.text)
    .text                                    0x000003c2   Section        0  heapauxi.o(.text)
    .text                                    0x000003c8   Section       74  sys_stackheap_outer.o(.text)
    .text                                    0x00000412   Section        0  exit.o(.text)
    .text                                    0x00000420   Section        8  libspace.o(.text)
    .text                                    0x00000428   Section        0  sys_exit.o(.text)
    .text                                    0x00000434   Section        2  use_no_semi.o(.text)
    .text                                    0x00000436   Section        0  indicate_semi.o(.text)
    i.ADC1_In                                0x00000438   Section        0  texas.o(i.ADC1_In)
    i.ADC1_Init                              0x00000444   Section        0  texas.o(i.ADC1_Init)
    i.DrawBorder                             0x00000518   Section        0  snakegamemain.o(i.DrawBorder)
    i.DrawSnake                              0x0000054c   Section        0  snakemodule.o(i.DrawSnake)
    i.Fruit_init                             0x00000598   Section        0  fruitmodule.o(i.Fruit_init)
    i.GPIOPortE_Handler                      0x000005c4   Section        0  snakegamemain.o(i.GPIOPortE_Handler)
    i.GPIOPortF_Handler                      0x0000063c   Section        0  snakegamemain.o(i.GPIOPortF_Handler)
    i.GrowSnake                              0x0000068c   Section        0  snakemodule.o(i.GrowSnake)
    i.MoveSnake                              0x0000069c   Section        0  snakemodule.o(i.MoveSnake)
    i.Nokia5110_ClearBuffer                  0x00000728   Section        0  virtualnokia5110.o(i.Nokia5110_ClearBuffer)
    i.Nokia5110_DisplayBuffer                0x00000740   Section        0  virtualnokia5110.o(i.Nokia5110_DisplayBuffer)
    i.Nokia5110_DrawFullImage                0x00000750   Section        0  virtualnokia5110.o(i.Nokia5110_DrawFullImage)
    i.Nokia5110_Init                         0x00000774   Section        0  virtualnokia5110.o(i.Nokia5110_Init)
    i.Nokia5110_OutChar                      0x000008e0   Section        0  virtualnokia5110.o(i.Nokia5110_OutChar)
    i.Nokia5110_OutString                    0x00000918   Section        0  virtualnokia5110.o(i.Nokia5110_OutString)
    i.Nokia5110_PrintBMP                     0x00000930   Section        0  virtualnokia5110.o(i.Nokia5110_PrintBMP)
    i.Nokia5110_SetCursor                    0x00000ad8   Section        0  virtualnokia5110.o(i.Nokia5110_SetCursor)
    i.Nokia5110_SetPixel                     0x00000b08   Section        0  virtualnokia5110.o(i.Nokia5110_SetPixel)
    i.PLL_Init                               0x00000b4c   Section        0  texas.o(i.PLL_Init)
    i.PortE_Init                             0x00000bc8   Section        0  init.o(i.PortE_Init)
    i.PortF_Init                             0x00000d08   Section        0  init.o(i.PortF_Init)
    i.SetCode                                0x00000dd4   Section        0  texas.o(i.SetCode)
    i.SetCourse                              0x00000dec   Section        0  texas.o(i.SetCourse)
    i.Snake_init                             0x00000e04   Section        0  snakemodule.o(i.Snake_init)
    i.SysTick_Handler                        0x00000e64   Section        0  snakegamemain.o(i.SysTick_Handler)
    i.SysTick_Init                           0x00000ed0   Section        0  init.o(i.SysTick_Init)
    i.TExaS_Init                             0x00000f00   Section        0  texas.o(i.TExaS_Init)
    i.Timer4A_Handler                        0x000010c4   Section        0  texas.o(i.Timer4A_Handler)
    i.Timer5A_Handler                        0x000010e4   Section        0  texas.o(i.Timer5A_Handler)
    i.UART0_Init                             0x00001114   Section        0  texas.o(i.UART0_Init)
    i.checkBodyCollision                     0x000011d4   Section        0  snakemodule.o(i.checkBodyCollision)
    i.checkFruitCollission                   0x00001224   Section        0  fruitmodule.o(i.checkFruitCollission)
    i.checkFruitX                            0x0000122c   Section        0  fruitmodule.o(i.checkFruitX)
    i.checkFruitY                            0x0000128c   Section        0  fruitmodule.o(i.checkFruitY)
    i.checkGameOver                          0x000012c0   Section        0  snakegamemain.o(i.checkGameOver)
    i.fruitPlace                             0x000012f4   Section        0  fruitmodule.o(i.fruitPlace)
    i.getFruitX                              0x00001324   Section        0  fruitmodule.o(i.getFruitX)
    i.getFruitY                              0x00001330   Section        0  fruitmodule.o(i.getFruitY)
    i.getSnakeHeadX                          0x0000133c   Section        0  snakemodule.o(i.getSnakeHeadX)
    i.getSnakeHeadY                          0x00001348   Section        0  snakemodule.o(i.getSnakeHeadY)
    i.lcdwrite                               0x00001354   Section        0  virtualnokia5110.o(i.lcdwrite)
    lcdwrite                                 0x00001355   Thumb Code    66  virtualnokia5110.o(i.lcdwrite)
    i.main                                   0x000013a0   Section        0  snakegamemain.o(i.main)
    i.setDirection                           0x000013dc   Section        0  snakemodule.o(i.setDirection)
    .constdata                               0x000013e8   Section      360  texas.o(.constdata)
    .constdata                               0x00001550   Section      480  virtualnokia5110.o(.constdata)
    ASCII                                    0x00001550   Data         480  virtualnokia5110.o(.constdata)
    .constdata                               0x00001730   Section      631  fruitmodule.o(.constdata)
    ASCII                                    0x00001730   Data         480  fruitmodule.o(.constdata)
    .data                                    0x20000000   Section       52  texas.o(.data)
    .data                                    0x20000034   Section       24  snakegamemain.o(.data)
    .data                                    0x2000004c   Section       20  snakemodule.o(.data)
    currentDirection                         0x2000004c   Data           1  snakemodule.o(.data)
    snake_head                               0x20000050   Data           8  snakemodule.o(.data)
    currentTailSize                          0x20000058   Data           4  snakemodule.o(.data)
    tail_cusor                               0x2000005c   Data           4  snakemodule.o(.data)
    .data                                    0x20000060   Section        9  fruitmodule.o(.data)
    Fruit                                    0x20000060   Data           8  fruitmodule.o(.data)
    DATA                                     0x2000006c   Section        4  random.o(DATA)
    M                                        0x2000006c   Data           4  random.o(DATA)
    .bss                                     0x20000070   Section       56  texas.o(.bss)
    .bss                                     0x200000a8   Section      504  virtualnokia5110.o(.bss)
    .bss                                     0x200002a0   Section      800  snakemodule.o(.bss)
    snake_tail                               0x200002a0   Data         800  snakemodule.o(.bss)
    .bss                                     0x200005c0   Section       96  libspace.o(.bss)
    HEAP                                     0x20000620   Section        0  startup.o(HEAP)
    STACK                                    0x20000620   Section     1024  startup.o(STACK)
    HeapMem                                  0x20000620   Data           0  startup.o(HEAP)
    StackMem                                 0x20000620   Data           0  startup.o(STACK)

    Global Symbols

    Symbol Name                              Value     Ov Type        Size  Object(Section)

    BuildAttributes$$THM_ISAv4$E$P$D$K$B$S$7EM$PE$A:L22UL41UL21$X:L11$S22US41US21$IEEE1$IW$USESV6$~STKCKD$USESV7$~SHL$OSPACE$ROPI$EBA8$UX$STANDARDLIB$REQ8$PRES8$EABIv2 0x00000000   Number         0  anon$$obj.o ABSOLUTE
    __ARM_use_no_argv                        0x00000000   Number         0  snakegamemain.o ABSOLUTE
    __Vectors                                0x00000000   Data           0  startup.o(RESET)
    __ARM_exceptions_init                     - Undefined Weak Reference
    __alloca_initialize                       - Undefined Weak Reference
    __cpp_initialize__aeabi_                  - Undefined Weak Reference
    __cxa_finalize                            - Undefined Weak Reference
    __rt_locale                               - Undefined Weak Reference
    __sigvec_lookup                           - Undefined Weak Reference
    _atexit_init                              - Undefined Weak Reference
    _call_atexit_fns                          - Undefined Weak Reference
    _clock_init                               - Undefined Weak Reference
    _fp_trap_init                             - Undefined Weak Reference
    _fp_trap_shutdown                         - Undefined Weak Reference
    _get_lc_collate                           - Undefined Weak Reference
    _get_lc_ctype                             - Undefined Weak Reference
    _get_lc_monetary                          - Undefined Weak Reference
    _get_lc_numeric                           - Undefined Weak Reference
    _get_lc_time                              - Undefined Weak Reference
    _getenv_init                              - Undefined Weak Reference
    _handle_redirection                       - Undefined Weak Reference
    _init_alloc                               - Undefined Weak Reference
    _init_user_alloc                          - Undefined Weak Reference
    _initio                                   - Undefined Weak Reference
    _rand_init                                - Undefined Weak Reference
    _signal_finish                            - Undefined Weak Reference
    _signal_init                              - Undefined Weak Reference
    _terminate_alloc                          - Undefined Weak Reference
    _terminate_user_alloc                     - Undefined Weak Reference
    _terminateio                              - Undefined Weak Reference
    Reset_Handler                            0x0000026d   Thumb Code     0  startup.o(RESET)
    NMI_Handler                              0x00000271   Thumb Code     2  startup.o(RESET)
    HardFault_Handler                        0x00000273   Thumb Code     2  startup.o(RESET)
    MemManage_Handler                        0x00000275   Thumb Code     2  startup.o(RESET)
    BusFault_Handler                         0x00000277   Thumb Code     2  startup.o(RESET)
    UsageFault_Handler                       0x00000279   Thumb Code     2  startup.o(RESET)
    SVC_Handler                              0x0000027b   Thumb Code     2  startup.o(RESET)
    DebugMon_Handler                         0x0000027d   Thumb Code     2  startup.o(RESET)
    PendSV_Handler                           0x0000027f   Thumb Code     2  startup.o(RESET)
    ADC0Seq0_Handler                         0x00000283   Thumb Code     0  startup.o(RESET)
    ADC0Seq1_Handler                         0x00000283   Thumb Code     0  startup.o(RESET)
    ADC0Seq2_Handler                         0x00000283   Thumb Code     0  startup.o(RESET)
    ADC0Seq3_Handler                         0x00000283   Thumb Code     0  startup.o(RESET)
    ADC1Seq0_Handler                         0x00000283   Thumb Code     0  startup.o(RESET)
    ADC1Seq1_Handler                         0x00000283   Thumb Code     0  startup.o(RESET)
    ADC1Seq2_Handler                         0x00000283   Thumb Code     0  startup.o(RESET)
    ADC1Seq3_Handler                         0x00000283   Thumb Code     0  startup.o(RESET)
    CAN0_Handler                             0x00000283   Thumb Code     0  startup.o(RESET)
    CAN1_Handler                             0x00000283   Thumb Code     0  startup.o(RESET)
    CAN2_Handler                             0x00000283   Thumb Code     0  startup.o(RESET)
    Comp0_Handler                            0x00000283   Thumb Code     0  startup.o(RESET)
    Comp1_Handler                            0x00000283   Thumb Code     0  startup.o(RESET)
    Comp2_Handler                            0x00000283   Thumb Code     0  startup.o(RESET)
    Ethernet_Handler                         0x00000283   Thumb Code     0  startup.o(RESET)
    ExtBus_Handler                           0x00000283   Thumb Code     0  startup.o(RESET)
    FPU_Handler                              0x00000283   Thumb Code     0  startup.o(RESET)
    Fan0_Handler                             0x00000283   Thumb Code     0  startup.o(RESET)
    FlashCtl_Handler                         0x00000283   Thumb Code     0  startup.o(RESET)
    GPIOPortA_Handler                        0x00000283   Thumb Code     0  startup.o(RESET)
    GPIOPortB_Handler                        0x00000283   Thumb Code     0  startup.o(RESET)
    GPIOPortC_Handler                        0x00000283   Thumb Code     0  startup.o(RESET)
    GPIOPortD_Handler                        0x00000283   Thumb Code     0  startup.o(RESET)
    GPIOPortG_Handler                        0x00000283   Thumb Code     0  startup.o(RESET)
    GPIOPortH_Handler                        0x00000283   Thumb Code     0  startup.o(RESET)
    GPIOPortJ_Handler                        0x00000283   Thumb Code     0  startup.o(RESET)
    GPIOPortK_Handler                        0x00000283   Thumb Code     0  startup.o(RESET)
    GPIOPortL_Handler                        0x00000283   Thumb Code     0  startup.o(RESET)
    GPIOPortM_Handler                        0x00000283   Thumb Code     0  startup.o(RESET)
    GPIOPortN_Handler                        0x00000283   Thumb Code     0  startup.o(RESET)
    GPIOPortP1_Handler                       0x00000283   Thumb Code     0  startup.o(RESET)
    GPIOPortP2_Handler                       0x00000283   Thumb Code     0  startup.o(RESET)
    GPIOPortP3_Handler                       0x00000283   Thumb Code     0  startup.o(RESET)
    GPIOPortP4_Handler                       0x00000283   Thumb Code     0  startup.o(RESET)
    GPIOPortP5_Handler                       0x00000283   Thumb Code     0  startup.o(RESET)
    GPIOPortP6_Handler                       0x00000283   Thumb Code     0  startup.o(RESET)
    GPIOPortP7_Handler                       0x00000283   Thumb Code     0  startup.o(RESET)
    GPIOPortP_Handler                        0x00000283   Thumb Code     0  startup.o(RESET)
    GPIOPortQ1_Handler                       0x00000283   Thumb Code     0  startup.o(RESET)
    GPIOPortQ2_Handler                       0x00000283   Thumb Code     0  startup.o(RESET)
    GPIOPortQ3_Handler                       0x00000283   Thumb Code     0  startup.o(RESET)
    GPIOPortQ4_Handler                       0x00000283   Thumb Code     0  startup.o(RESET)
    GPIOPortQ5_Handler                       0x00000283   Thumb Code     0  startup.o(RESET)
    GPIOPortQ6_Handler                       0x00000283   Thumb Code     0  startup.o(RESET)
    GPIOPortQ7_Handler                       0x00000283   Thumb Code     0  startup.o(RESET)
    GPIOPortQ_Handler                        0x00000283   Thumb Code     0  startup.o(RESET)
    GPIOPortR_Handler                        0x00000283   Thumb Code     0  startup.o(RESET)
    GPIOPortS_Handler                        0x00000283   Thumb Code     0  startup.o(RESET)
    Hibernate_Handler                        0x00000283   Thumb Code     0  startup.o(RESET)
    I2C0_Handler                             0x00000283   Thumb Code     0  startup.o(RESET)
    I2C1_Handler                             0x00000283   Thumb Code     0  startup.o(RESET)
    I2C2_Handler                             0x00000283   Thumb Code     0  startup.o(RESET)
    I2C3_Handler                             0x00000283   Thumb Code     0  startup.o(RESET)
    I2C4_Handler                             0x00000283   Thumb Code     0  startup.o(RESET)
    I2C5_Handler                             0x00000283   Thumb Code     0  startup.o(RESET)
    I2S0_Handler                             0x00000283   Thumb Code     0  startup.o(RESET)
    LPC0_Handler                             0x00000283   Thumb Code     0  startup.o(RESET)
    PECI0_Handler                            0x00000283   Thumb Code     0  startup.o(RESET)
    PWM0Fault_Handler                        0x00000283   Thumb Code     0  startup.o(RESET)
    PWM0Generator0_Handler                   0x00000283   Thumb Code     0  startup.o(RESET)
    PWM0Generator1_Handler                   0x00000283   Thumb Code     0  startup.o(RESET)
    PWM0Generator2_Handler                   0x00000283   Thumb Code     0  startup.o(RESET)
    PWM0Generator3_Handler                   0x00000283   Thumb Code     0  startup.o(RESET)
    PWM1Fault_Handler                        0x00000283   Thumb Code     0  startup.o(RESET)
    PWM1Generator0_Handler                   0x00000283   Thumb Code     0  startup.o(RESET)
    PWM1Generator1_Handler                   0x00000283   Thumb Code     0  startup.o(RESET)
    PWM1Generator2_Handler                   0x00000283   Thumb Code     0  startup.o(RESET)
    PWM1Generator3_Handler                   0x00000283   Thumb Code     0  startup.o(RESET)
    Quadrature0_Handler                      0x00000283   Thumb Code     0  startup.o(RESET)
    Quadrature1_Handler                      0x00000283   Thumb Code     0  startup.o(RESET)
    Quadrature2_Handler                      0x00000283   Thumb Code     0  startup.o(RESET)
    SSI0_Handler                             0x00000283   Thumb Code     0  startup.o(RESET)
    SSI1_Handler                             0x00000283   Thumb Code     0  startup.o(RESET)
    SSI2_Handler                             0x00000283   Thumb Code     0  startup.o(RESET)
    SSI3_Handler                             0x00000283   Thumb Code     0  startup.o(RESET)
    SysCtl_Handler                           0x00000283   Thumb Code     0  startup.o(RESET)
    Timer0A_Handler                          0x00000283   Thumb Code     0  startup.o(RESET)
    Timer0B_Handler                          0x00000283   Thumb Code     0  startup.o(RESET)
    Timer1A_Handler                          0x00000283   Thumb Code     0  startup.o(RESET)
    Timer1B_Handler                          0x00000283   Thumb Code     0  startup.o(RESET)
    Timer2A_Handler                          0x00000283   Thumb Code     0  startup.o(RESET)
    Timer2B_Handler                          0x00000283   Thumb Code     0  startup.o(RESET)
    Timer3A_Handler                          0x00000283   Thumb Code     0  startup.o(RESET)
    Timer3B_Handler                          0x00000283   Thumb Code     0  startup.o(RESET)
    Timer4B_Handler                          0x00000283   Thumb Code     0  startup.o(RESET)
    Timer5B_Handler                          0x00000283   Thumb Code     0  startup.o(RESET)
    UART0_Handler                            0x00000283   Thumb Code     0  startup.o(RESET)
    UART1_Handler                            0x00000283   Thumb Code     0  startup.o(RESET)
    UART2_Handler                            0x00000283   Thumb Code     0  startup.o(RESET)
    UART3_Handler                            0x00000283   Thumb Code     0  startup.o(RESET)
    UART4_Handler                            0x00000283   Thumb Code     0  startup.o(RESET)
    UART5_Handler                            0x00000283   Thumb Code     0  startup.o(RESET)
    UART6_Handler                            0x00000283   Thumb Code     0  startup.o(RESET)
    UART7_Handler                            0x00000283   Thumb Code     0  startup.o(RESET)
    USB0_Handler                             0x00000283   Thumb Code     0  startup.o(RESET)
    WDT_Handler                              0x00000283   Thumb Code     0  startup.o(RESET)
    WideTimer0A_Handler                      0x00000283   Thumb Code     0  startup.o(RESET)
    WideTimer0B_Handler                      0x00000283   Thumb Code     0  startup.o(RESET)
    WideTimer1A_Handler                      0x00000283   Thumb Code     0  startup.o(RESET)
    WideTimer1B_Handler                      0x00000283   Thumb Code     0  startup.o(RESET)
    WideTimer2A_Handler                      0x00000283   Thumb Code     0  startup.o(RESET)
    WideTimer2B_Handler                      0x00000283   Thumb Code     0  startup.o(RESET)
    WideTimer3A_Handler                      0x00000283   Thumb Code     0  startup.o(RESET)
    WideTimer3B_Handler                      0x00000283   Thumb Code     0  startup.o(RESET)
    WideTimer4A_Handler                      0x00000283   Thumb Code     0  startup.o(RESET)
    WideTimer4B_Handler                      0x00000283   Thumb Code     0  startup.o(RESET)
    WideTimer5A_Handler                      0x00000283   Thumb Code     0  startup.o(RESET)
    WideTimer5B_Handler                      0x00000283   Thumb Code     0  startup.o(RESET)
    uDMA_Error                               0x00000283   Thumb Code     0  startup.o(RESET)
    uDMA_Handler                             0x00000283   Thumb Code     0  startup.o(RESET)
    __main                                   0x00000285   Thumb Code     8  __main.o(!!!main)
    __scatterload                            0x0000028d   Thumb Code     0  __scatter.o(!!!scatter)
    __scatterload_rt2                        0x0000028d   Thumb Code    44  __scatter.o(!!!scatter)
    __scatterload_rt2_thumb_only             0x0000028d   Thumb Code     0  __scatter.o(!!!scatter)
    __scatterload_null                       0x0000029b   Thumb Code     0  __scatter.o(!!!scatter)
    __scatterload_copy                       0x000002c1   Thumb Code    26  __scatter_copy.o(!!handler_copy)
    __scatterload_zeroinit                   0x000002dd   Thumb Code    28  __scatter_zi.o(!!handler_zi)
    __rt_lib_init                            0x000002f9   Thumb Code     0  libinit.o(.ARM.Collect$$libinit$$00000000)
    __rt_lib_init_alloca_1                   0x000002fb   Thumb Code     0  libinit2.o(.ARM.Collect$$libinit$$0000002C)
    __rt_lib_init_argv_1                     0x000002fb   Thumb Code     0  libinit2.o(.ARM.Collect$$libinit$$0000002A)
    __rt_lib_init_atexit_1                   0x000002fb   Thumb Code     0  libinit2.o(.ARM.Collect$$libinit$$00000019)
    __rt_lib_init_clock_1                    0x000002fb   Thumb Code     0  libinit2.o(.ARM.Collect$$libinit$$0000001F)
    __rt_lib_init_cpp_1                      0x000002fb   Thumb Code     0  libinit2.o(.ARM.Collect$$libinit$$00000030)
    __rt_lib_init_exceptions_1               0x000002fb   Thumb Code     0  libinit2.o(.ARM.Collect$$libinit$$0000002E)
    __rt_lib_init_fp_1                       0x000002fb   Thumb Code     0  libinit2.o(.ARM.Collect$$libinit$$00000002)
    __rt_lib_init_fp_trap_1                  0x000002fb   Thumb Code     0  libinit2.o(.ARM.Collect$$libinit$$0000001D)
    __rt_lib_init_getenv_1                   0x000002fb   Thumb Code     0  libinit2.o(.ARM.Collect$$libinit$$00000021)
    __rt_lib_init_heap_1                     0x000002fb   Thumb Code     0  libinit2.o(.ARM.Collect$$libinit$$00000008)
    __rt_lib_init_lc_collate_1               0x000002fb   Thumb Code     0  libinit2.o(.ARM.Collect$$libinit$$0000000F)
    __rt_lib_init_lc_ctype_1                 0x000002fb   Thumb Code     0  libinit2.o(.ARM.Collect$$libinit$$00000011)
    __rt_lib_init_lc_monetary_1              0x000002fb   Thumb Code     0  libinit2.o(.ARM.Collect$$libinit$$00000013)
    __rt_lib_init_lc_numeric_1               0x000002fb   Thumb Code     0  libinit2.o(.ARM.Collect$$libinit$$00000015)
    __rt_lib_init_lc_time_1                  0x000002fb   Thumb Code     0  libinit2.o(.ARM.Collect$$libinit$$00000017)
    __rt_lib_init_rand_1                     0x000002fb   Thumb Code     0  libinit2.o(.ARM.Collect$$libinit$$0000000C)
    __rt_lib_init_return                     0x000002fb   Thumb Code     0  libinit2.o(.ARM.Collect$$libinit$$00000031)
    __rt_lib_init_signal_1                   0x000002fb   Thumb Code     0  libinit2.o(.ARM.Collect$$libinit$$0000001B)
    __rt_lib_init_stdio_1                    0x000002fb   Thumb Code     0  libinit2.o(.ARM.Collect$$libinit$$00000023)
    __rt_lib_init_user_alloc_1               0x000002fb   Thumb Code     0  libinit2.o(.ARM.Collect$$libinit$$0000000A)
    __rt_lib_shutdown                        0x000002fd   Thumb Code     0  libshutdown.o(.ARM.Collect$$libshutdown$$00000000)
    __rt_lib_shutdown_fp_trap_1              0x000002ff   Thumb Code     0  libshutdown2.o(.ARM.Collect$$libshutdown$$00000006)
    __rt_lib_shutdown_heap_1                 0x000002ff   Thumb Code     0  libshutdown2.o(.ARM.Collect$$libshutdown$$0000000E)
    __rt_lib_shutdown_return                 0x000002ff   Thumb Code     0  libshutdown2.o(.ARM.Collect$$libshutdown$$0000000F)
    __rt_lib_shutdown_signal_1               0x000002ff   Thumb Code     0  libshutdown2.o(.ARM.Collect$$libshutdown$$00000009)
    __rt_lib_shutdown_stdio_1                0x000002ff   Thumb Code     0  libshutdown2.o(.ARM.Collect$$libshutdown$$00000003)
    __rt_lib_shutdown_user_alloc_1           0x000002ff   Thumb Code     0  libshutdown2.o(.ARM.Collect$$libshutdown$$0000000B)
    __rt_entry                               0x00000301   Thumb Code     0  rtentry.o(.ARM.Collect$$rtentry$$00000000)
    __rt_entry_presh_1                       0x00000301   Thumb Code     0  rtentry2.o(.ARM.Collect$$rtentry$$00000002)
    __rt_entry_sh                            0x00000301   Thumb Code     0  rtentry4.o(.ARM.Collect$$rtentry$$00000004)
    __rt_entry_li                            0x00000307   Thumb Code     0  rtentry2.o(.ARM.Collect$$rtentry$$0000000A)
    __rt_entry_postsh_1                      0x00000307   Thumb Code     0  rtentry2.o(.ARM.Collect$$rtentry$$00000009)
    __rt_entry_main                          0x0000030b   Thumb Code     0  rtentry2.o(.ARM.Collect$$rtentry$$0000000D)
    __rt_entry_postli_1                      0x0000030b   Thumb Code     0  rtentry2.o(.ARM.Collect$$rtentry$$0000000C)
    __rt_exit                                0x00000313   Thumb Code     0  rtexit.o(.ARM.Collect$$rtexit$$00000000)
    __rt_exit_ls                             0x00000315   Thumb Code     0  rtexit2.o(.ARM.Collect$$rtexit$$00000003)
    __rt_exit_prels_1                        0x00000315   Thumb Code     0  rtexit2.o(.ARM.Collect$$rtexit$$00000002)
    __rt_exit_exit                           0x00000319   Thumb Code     0  rtexit2.o(.ARM.Collect$$rtexit$$00000004)
    DisableInterrupts                        0x00000321   Thumb Code     0  startup.o(.text)
    EnableInterrupts                         0x00000325   Thumb Code     0  startup.o(.text)
    StartCritical                            0x00000329   Thumb Code     0  startup.o(.text)
    EndCritical                              0x00000331   Thumb Code     0  startup.o(.text)
    WaitForInterrupt                         0x00000337   Thumb Code     0  startup.o(.text)
    __user_initial_stackheap                 0x0000033b   Thumb Code     0  startup.o(.text)
    Random_Init                              0x00000351   Thumb Code     0  random.o(.text)
    Random                                   0x00000357   Thumb Code     2  random.o(.text)
    __aeabi_memclr4                          0x00000375   Thumb Code     0  rt_memclr_w.o(.text)
    __aeabi_memclr8                          0x00000375   Thumb Code     0  rt_memclr_w.o(.text)
    __rt_memclr_w                            0x00000375   Thumb Code    78  rt_memclr_w.o(.text)
    _memset_w                                0x00000379   Thumb Code     0  rt_memclr_w.o(.text)
    __use_two_region_memory                  0x000003c3   Thumb Code     2  heapauxi.o(.text)
    __rt_heap_escrow$2region                 0x000003c5   Thumb Code     2  heapauxi.o(.text)
    __rt_heap_expand$2region                 0x000003c7   Thumb Code     2  heapauxi.o(.text)
    __user_setup_stackheap                   0x000003c9   Thumb Code    74  sys_stackheap_outer.o(.text)
    exit                                     0x00000413   Thumb Code    12  exit.o(.text)
    __user_libspace                          0x00000421   Thumb Code     8  libspace.o(.text)
    __user_perproc_libspace                  0x00000421   Thumb Code     0  libspace.o(.text)
    __user_perthread_libspace                0x00000421   Thumb Code     0  libspace.o(.text)
    _sys_exit                                0x00000429   Thumb Code     8  sys_exit.o(.text)
    __I$use$semihosting                      0x00000435   Thumb Code     0  use_no_semi.o(.text)
    __use_no_semihosting_swi                 0x00000435   Thumb Code     2  use_no_semi.o(.text)
    __semihosting_library_function           0x00000437   Thumb Code     0  indicate_semi.o(.text)
    ADC1_In                                  0x00000439   Thumb Code     6  texas.o(i.ADC1_In)
    ADC1_Init                                0x00000445   Thumb Code   174  texas.o(i.ADC1_Init)
    DrawBorder                               0x00000519   Thumb Code    50  snakegamemain.o(i.DrawBorder)
    DrawSnake                                0x0000054d   Thumb Code    60  snakemodule.o(i.DrawSnake)
    Fruit_init                               0x00000599   Thumb Code    36  fruitmodule.o(i.Fruit_init)
    GPIOPortE_Handler                        0x000005c5   Thumb Code    94  snakegamemain.o(i.GPIOPortE_Handler)
    GPIOPortF_Handler                        0x0000063d   Thumb Code    60  snakegamemain.o(i.GPIOPortF_Handler)
    GrowSnake                                0x0000068d   Thumb Code    12  snakemodule.o(i.GrowSnake)
    MoveSnake                                0x0000069d   Thumb Code   122  snakemodule.o(i.MoveSnake)
    Nokia5110_ClearBuffer                    0x00000729   Thumb Code    20  virtualnokia5110.o(i.Nokia5110_ClearBuffer)
    Nokia5110_DisplayBuffer                  0x00000741   Thumb Code    10  virtualnokia5110.o(i.Nokia5110_DisplayBuffer)
    Nokia5110_DrawFullImage                  0x00000751   Thumb Code    34  virtualnokia5110.o(i.Nokia5110_DrawFullImage)
    Nokia5110_Init                           0x00000775   Thumb Code   316  virtualnokia5110.o(i.Nokia5110_Init)
    Nokia5110_OutChar                        0x000008e1   Thumb Code    52  virtualnokia5110.o(i.Nokia5110_OutChar)
    Nokia5110_OutString                      0x00000919   Thumb Code    22  virtualnokia5110.o(i.Nokia5110_OutString)
    Nokia5110_PrintBMP                       0x00000931   Thumb Code   420  virtualnokia5110.o(i.Nokia5110_PrintBMP)
    Nokia5110_SetCursor                      0x00000ad9   Thumb Code    48  virtualnokia5110.o(i.Nokia5110_SetCursor)
    Nokia5110_SetPixel                       0x00000b09   Thumb Code    64  virtualnokia5110.o(i.Nokia5110_SetPixel)
    PLL_Init                                 0x00000b4d   Thumb Code   118  texas.o(i.PLL_Init)
    PortE_Init                               0x00000bc9   Thumb Code   258  init.o(i.PortE_Init)
    PortF_Init                               0x00000d09   Thumb Code   152  init.o(i.PortF_Init)
    SetCode                                  0x00000dd5   Thumb Code    20  texas.o(i.SetCode)
    SetCourse                                0x00000ded   Thumb Code    20  texas.o(i.SetCourse)
    Snake_init                               0x00000e05   Thumb Code    74  snakemodule.o(i.Snake_init)
    SysTick_Handler                          0x00000e65   Thumb Code    80  snakegamemain.o(i.SysTick_Handler)
    SysTick_Init                             0x00000ed1   Thumb Code    42  init.o(i.SysTick_Init)
    TExaS_Init                               0x00000f01   Thumb Code   324  texas.o(i.TExaS_Init)
    Timer4A_Handler                          0x000010c5   Thumb Code    20  texas.o(i.Timer4A_Handler)
    Timer5A_Handler                          0x000010e5   Thumb Code    34  texas.o(i.Timer5A_Handler)
    UART0_Init                               0x00001115   Thumb Code   160  texas.o(i.UART0_Init)
    checkBodyCollision                       0x000011d5   Thumb Code    64  snakemodule.o(i.checkBodyCollision)
    checkFruitCollission                     0x00001225   Thumb Code     8  fruitmodule.o(i.checkFruitCollission)
    checkFruitX                              0x0000122d   Thumb Code    88  fruitmodule.o(i.checkFruitX)
    checkFruitY                              0x0000128d   Thumb Code    50  fruitmodule.o(i.checkFruitY)
    checkGameOver                            0x000012c1   Thumb Code    48  snakegamemain.o(i.checkGameOver)
    fruitPlace                               0x000012f5   Thumb Code    34  fruitmodule.o(i.fruitPlace)
    getFruitX                                0x00001325   Thumb Code     6  fruitmodule.o(i.getFruitX)
    getFruitY                                0x00001331   Thumb Code     6  fruitmodule.o(i.getFruitY)
    getSnakeHeadX                            0x0000133d   Thumb Code     6  snakemodule.o(i.getSnakeHeadX)
    getSnakeHeadY                            0x00001349   Thumb Code     6  snakemodule.o(i.getSnakeHeadY)
    main                                     0x000013a1   Thumb Code    54  snakegamemain.o(i.main)
    setDirection                             0x000013dd   Thumb Code     6  snakemodule.o(i.setDirection)
    NoInputMsg                               0x000013e8   Data          40  texas.o(.constdata)
    OutputPortMsg0                           0x00001410   Data          40  texas.o(.constdata)
    OutputPortMsg1                           0x00001438   Data          40  texas.o(.constdata)
    OutputPortMsg2                           0x00001460   Data          40  texas.o(.constdata)
    OutputPortMsg3                           0x00001488   Data          40  texas.o(.constdata)
    BlankMsg                                 0x000014b0   Data          40  texas.o(.constdata)
    InitializedMsg                           0x000014d8   Data          40  texas.o(.constdata)
    IntroMsg                                 0x00001500   Data          40  texas.o(.constdata)
    DoneMsg                                  0x00001528   Data          40  texas.o(.constdata)
    Fruit_BMP                                0x00001910   Data         151  fruitmodule.o(.constdata)
    Region$$Table$$Base                      0x000019a8   Number         0  anon$$obj.o(Region$$Table)
    Region$$Table$$Limit                     0x000019c8   Number         0  anon$$obj.o(Region$$Table)
    TExaS_Period                             0x20000000   Data           4  texas.o(.data)
    TExaS_Ports                              0x20000004   Data           8  texas.o(.data)
    Display                                  0x2000000c   Data           1  texas.o(.data)
    TExaS_Meter                              0x20000010   Data           4  texas.o(.data)
    ADCnum                                   0x20000014   Data           4  texas.o(.data)
    LastMode                                 0x20000018   Data           4  texas.o(.data)
    bFlag                                    0x2000001c   Data           4  texas.o(.data)
    Count                                    0x20000020   Data           4  texas.o(.data)
    DelayBetweenTests                        0x20000024   Data           4  texas.o(.data)
    TExaS_Test                               0x20000028   Data           4  texas.o(.data)
    ScopeMode                                0x2000002c   Data           4  texas.o(.data)
    ScopeCount                               0x20000030   Data           4  texas.o(.data)
    period                                   0x20000034   Data           4  snakegamemain.o(.data)
    gameOverState                            0x20000038   Data           1  snakegamemain.o(.data)
    SW1                                      0x2000003c   Data           4  snakegamemain.o(.data)
    SW2                                      0x20000040   Data           4  snakegamemain.o(.data)
    LEFT_ADC                                 0x20000044   Data           4  snakegamemain.o(.data)
    RIGHT_ADC                                0x20000048   Data           4  snakegamemain.o(.data)
    fruitFlag                                0x20000068   Data           1  fruitmodule.o(.data)
    TExaS                                    0x20000070   Data          56  texas.o(.bss)
    Screen                                   0x200000a8   Data         504  virtualnokia5110.o(.bss)
    __libspace_start                         0x200005c0   Data          96  libspace.o(.bss)
    __temporary_stack_top$libspace           0x20000620   Data           0  libspace.o(.bss)



==============================================================================

Memory Map of the image

  Image Entry point : 0x0000026d

  Load Region LR_1 (Base: 0x00000000, Size: 0x00001a38, Max: 0xffffffff, ABSOLUTE)

    Execution Region ER_RO (Base: 0x00000000, Size: 0x000019c8, Max: 0xffffffff, ABSOLUTE)

    Base Addr    Size         Type   Attr      Idx    E Section Name        Object

    0x00000000   0x00000284   Code   RO            3  * RESET               startup.o
    0x00000284   0x00000008   Code   RO          487  * !!!main             c_w.l(__main.o)
    0x0000028c   0x00000034   Code   RO          641    !!!scatter          c_w.l(__scatter.o)
    0x000002c0   0x0000001a   Code   RO          643    !!handler_copy      c_w.l(__scatter_copy.o)
    0x000002da   0x00000002   PAD
    0x000002dc   0x0000001c   Code   RO          645    !!handler_zi        c_w.l(__scatter_zi.o)
    0x000002f8   0x00000002   Code   RO          514    .ARM.Collect$$libinit$$00000000  c_w.l(libinit.o)
    0x000002fa   0x00000000   Code   RO          521    .ARM.Collect$$libinit$$00000002  c_w.l(libinit2.o)
    0x000002fa   0x00000000   Code   RO          524    .ARM.Collect$$libinit$$00000008  c_w.l(libinit2.o)
    0x000002fa   0x00000000   Code   RO          526    .ARM.Collect$$libinit$$0000000A  c_w.l(libinit2.o)
    0x000002fa   0x00000000   Code   RO          528    .ARM.Collect$$libinit$$0000000C  c_w.l(libinit2.o)
    0x000002fa   0x00000000   Code   RO          531    .ARM.Collect$$libinit$$0000000F  c_w.l(libinit2.o)
    0x000002fa   0x00000000   Code   RO          533    .ARM.Collect$$libinit$$00000011  c_w.l(libinit2.o)
    0x000002fa   0x00000000   Code   RO          535    .ARM.Collect$$libinit$$00000013  c_w.l(libinit2.o)
    0x000002fa   0x00000000   Code   RO          537    .ARM.Collect$$libinit$$00000015  c_w.l(libinit2.o)
    0x000002fa   0x00000000   Code   RO          539    .ARM.Collect$$libinit$$00000017  c_w.l(libinit2.o)
    0x000002fa   0x00000000   Code   RO          541    .ARM.Collect$$libinit$$00000019  c_w.l(libinit2.o)
    0x000002fa   0x00000000   Code   RO          543    .ARM.Collect$$libinit$$0000001B  c_w.l(libinit2.o)
    0x000002fa   0x00000000   Code   RO          545    .ARM.Collect$$libinit$$0000001D  c_w.l(libinit2.o)
    0x000002fa   0x00000000   Code   RO          547    .ARM.Collect$$libinit$$0000001F  c_w.l(libinit2.o)
    0x000002fa   0x00000000   Code   RO          549    .ARM.Collect$$libinit$$00000021  c_w.l(libinit2.o)
    0x000002fa   0x00000000   Code   RO          551    .ARM.Collect$$libinit$$00000023  c_w.l(libinit2.o)
    0x000002fa   0x00000000   Code   RO          555    .ARM.Collect$$libinit$$0000002A  c_w.l(libinit2.o)
    0x000002fa   0x00000000   Code   RO          557    .ARM.Collect$$libinit$$0000002C  c_w.l(libinit2.o)
    0x000002fa   0x00000000   Code   RO          559    .ARM.Collect$$libinit$$0000002E  c_w.l(libinit2.o)
    0x000002fa   0x00000000   Code   RO          561    .ARM.Collect$$libinit$$00000030  c_w.l(libinit2.o)
    0x000002fa   0x00000002   Code   RO          562    .ARM.Collect$$libinit$$00000031  c_w.l(libinit2.o)
    0x000002fc   0x00000002   Code   RO          582    .ARM.Collect$$libshutdown$$00000000  c_w.l(libshutdown.o)
    0x000002fe   0x00000000   Code   RO          596    .ARM.Collect$$libshutdown$$00000003  c_w.l(libshutdown2.o)
    0x000002fe   0x00000000   Code   RO          599    .ARM.Collect$$libshutdown$$00000006  c_w.l(libshutdown2.o)
    0x000002fe   0x00000000   Code   RO          602    .ARM.Collect$$libshutdown$$00000009  c_w.l(libshutdown2.o)
    0x000002fe   0x00000000   Code   RO          604    .ARM.Collect$$libshutdown$$0000000B  c_w.l(libshutdown2.o)
    0x000002fe   0x00000000   Code   RO          607    .ARM.Collect$$libshutdown$$0000000E  c_w.l(libshutdown2.o)
    0x000002fe   0x00000002   Code   RO          608    .ARM.Collect$$libshutdown$$0000000F  c_w.l(libshutdown2.o)
    0x00000300   0x00000000   Code   RO          489    .ARM.Collect$$rtentry$$00000000  c_w.l(rtentry.o)
    0x00000300   0x00000000   Code   RO          491    .ARM.Collect$$rtentry$$00000002  c_w.l(rtentry2.o)
    0x00000300   0x00000006   Code   RO          503    .ARM.Collect$$rtentry$$00000004  c_w.l(rtentry4.o)
    0x00000306   0x00000000   Code   RO          493    .ARM.Collect$$rtentry$$00000009  c_w.l(rtentry2.o)
    0x00000306   0x00000004   Code   RO          494    .ARM.Collect$$rtentry$$0000000A  c_w.l(rtentry2.o)
    0x0000030a   0x00000000   Code   RO          496    .ARM.Collect$$rtentry$$0000000C  c_w.l(rtentry2.o)
    0x0000030a   0x00000008   Code   RO          497    .ARM.Collect$$rtentry$$0000000D  c_w.l(rtentry2.o)
    0x00000312   0x00000002   Code   RO          518    .ARM.Collect$$rtexit$$00000000  c_w.l(rtexit.o)
    0x00000314   0x00000000   Code   RO          564    .ARM.Collect$$rtexit$$00000002  c_w.l(rtexit2.o)
    0x00000314   0x00000004   Code   RO          565    .ARM.Collect$$rtexit$$00000003  c_w.l(rtexit2.o)
    0x00000318   0x00000006   Code   RO          566    .ARM.Collect$$rtexit$$00000004  c_w.l(rtexit2.o)
    0x0000031e   0x00000002   PAD
    0x00000320   0x00000030   Code   RO            4    .text               startup.o
    0x00000350   0x00000024   Code   RO           13    .text               random.o
    0x00000374   0x0000004e   Code   RO          483    .text               c_w.l(rt_memclr_w.o)
    0x000003c2   0x00000006   Code   RO          485    .text               c_w.l(heapauxi.o)
    0x000003c8   0x0000004a   Code   RO          505    .text               c_w.l(sys_stackheap_outer.o)
    0x00000412   0x0000000c   Code   RO          507    .text               c_w.l(exit.o)
    0x0000041e   0x00000002   PAD
    0x00000420   0x00000008   Code   RO          515    .text               c_w.l(libspace.o)
    0x00000428   0x0000000c   Code   RO          574    .text               c_w.l(sys_exit.o)
    0x00000434   0x00000002   Code   RO          585    .text               c_w.l(use_no_semi.o)
    0x00000436   0x00000000   Code   RO          587    .text               c_w.l(indicate_semi.o)
    0x00000436   0x00000002   PAD
    0x00000438   0x0000000c   Code   RO           16    i.ADC1_In           texas.o
    0x00000444   0x000000d4   Code   RO           17    i.ADC1_Init         texas.o
    0x00000518   0x00000032   Code   RO          227    i.DrawBorder        snakegamemain.o
    0x0000054a   0x00000002   PAD
    0x0000054c   0x0000004c   Code   RO          298    i.DrawSnake         snakemodule.o
    0x00000598   0x0000002c   Code   RO          387    i.Fruit_init        fruitmodule.o
    0x000005c4   0x00000078   Code   RO          228    i.GPIOPortE_Handler  snakegamemain.o
    0x0000063c   0x00000050   Code   RO          229    i.GPIOPortF_Handler  snakegamemain.o
    0x0000068c   0x00000010   Code   RO          299    i.GrowSnake         snakemodule.o
    0x0000069c   0x0000008c   Code   RO          300    i.MoveSnake         snakemodule.o
    0x00000728   0x00000018   Code   RO          138    i.Nokia5110_ClearBuffer  virtualnokia5110.o
    0x00000740   0x00000010   Code   RO          140    i.Nokia5110_DisplayBuffer  virtualnokia5110.o
    0x00000750   0x00000022   Code   RO          141    i.Nokia5110_DrawFullImage  virtualnokia5110.o
    0x00000772   0x00000002   PAD
    0x00000774   0x0000016c   Code   RO          142    i.Nokia5110_Init    virtualnokia5110.o
    0x000008e0   0x00000038   Code   RO          143    i.Nokia5110_OutChar  virtualnokia5110.o
    0x00000918   0x00000016   Code   RO          144    i.Nokia5110_OutString  virtualnokia5110.o
    0x0000092e   0x00000002   PAD
    0x00000930   0x000001a8   Code   RO          146    i.Nokia5110_PrintBMP  virtualnokia5110.o
    0x00000ad8   0x00000030   Code   RO          147    i.Nokia5110_SetCursor  virtualnokia5110.o
    0x00000b08   0x00000044   Code   RO          148    i.Nokia5110_SetPixel  virtualnokia5110.o
    0x00000b4c   0x0000007c   Code   RO           18    i.PLL_Init          texas.o
    0x00000bc8   0x00000140   Code   RO          457    i.PortE_Init        init.o
    0x00000d08   0x000000cc   Code   RO          458    i.PortF_Init        init.o
    0x00000dd4   0x00000018   Code   RO           19    i.SetCode           texas.o
    0x00000dec   0x00000018   Code   RO           20    i.SetCourse         texas.o
    0x00000e04   0x00000060   Code   RO          301    i.Snake_init        snakemodule.o
    0x00000e64   0x0000006c   Code   RO          230    i.SysTick_Handler   snakegamemain.o
    0x00000ed0   0x00000030   Code   RO          459    i.SysTick_Init      init.o
    0x00000f00   0x000001c4   Code   RO           24    i.TExaS_Init        texas.o
    0x000010c4   0x00000020   Code   RO           26    i.Timer4A_Handler   texas.o
    0x000010e4   0x00000030   Code   RO           27    i.Timer5A_Handler   texas.o
    0x00001114   0x000000c0   Code   RO           30    i.UART0_Init        texas.o
    0x000011d4   0x00000050   Code   RO          302    i.checkBodyCollision  snakemodule.o
    0x00001224   0x00000008   Code   RO          388    i.checkFruitCollission  fruitmodule.o
    0x0000122c   0x00000060   Code   RO          389    i.checkFruitX       fruitmodule.o
    0x0000128c   0x00000032   Code   RO          390    i.checkFruitY       fruitmodule.o
    0x000012be   0x00000002   PAD
    0x000012c0   0x00000034   Code   RO          231    i.checkGameOver     snakegamemain.o
    0x000012f4   0x00000030   Code   RO          391    i.fruitPlace        fruitmodule.o
    0x00001324   0x0000000c   Code   RO          392    i.getFruitX         fruitmodule.o
    0x00001330   0x0000000c   Code   RO          393    i.getFruitY         fruitmodule.o
    0x0000133c   0x0000000c   Code   RO          305    i.getSnakeHeadX     snakemodule.o
    0x00001348   0x0000000c   Code   RO          306    i.getSnakeHeadY     snakemodule.o
    0x00001354   0x0000004c   Code   RO          149    i.lcdwrite          virtualnokia5110.o
    0x000013a0   0x0000003c   Code   RO          232    i.main              snakegamemain.o
    0x000013dc   0x0000000c   Code   RO          309    i.setDirection      snakemodule.o
    0x000013e8   0x00000168   Data   RO           35    .constdata          texas.o
    0x00001550   0x000001e0   Data   RO          151    .constdata          virtualnokia5110.o
    0x00001730   0x00000277   Data   RO          394    .constdata          fruitmodule.o
    0x000019a7   0x00000001   PAD
    0x000019a8   0x00000020   Data   RO          639    Region$$Table       anon$$obj.o


    Execution Region ER_RW (Base: 0x20000000, Size: 0x00000070, Max: 0xffffffff, ABSOLUTE)

    Base Addr    Size         Type   Attr      Idx    E Section Name        Object

    0x20000000   0x00000034   Data   RW           36    .data               texas.o
    0x20000034   0x00000018   Data   RW          234    .data               snakegamemain.o
    0x2000004c   0x00000014   Data   RW          312    .data               snakemodule.o
    0x20000060   0x00000009   Data   RW          395    .data               fruitmodule.o
    0x20000069   0x00000003   PAD
    0x2000006c   0x00000004   Data   RW           12    DATA                random.o


    Execution Region ER_ZI (Base: 0x20000070, Size: 0x000009b0, Max: 0xffffffff, ABSOLUTE)

    Base Addr    Size         Type   Attr      Idx    E Section Name        Object

    0x20000070   0x00000038   Zero   RW           34    .bss                texas.o
    0x200000a8   0x000001f8   Zero   RW          150    .bss                virtualnokia5110.o
    0x200002a0   0x00000320   Zero   RW          310    .bss                snakemodule.o
    0x200005c0   0x00000060   Zero   RW          516    .bss                c_w.l(libspace.o)
    0x20000620   0x00000000   Zero   RW            2    HEAP                startup.o
    0x20000620   0x00000400   Zero   RW            1    STACK               startup.o


==============================================================================

Image component sizes


      Code (inc. data)   RO Data    RW Data    ZI Data      Debug   Object Name

       270         42        631          9          0       4111   fruitmodule.o
       572        120          0          0          0       1337   init.o
        36         12          0          4          0        216   random.o
       470         84          0         24          0       3952   snakegamemain.o
       444        100          0         20        800       4589   snakemodule.o
       692        632          0          0       1024        956   startup.o
      1120        244        360         52         56      17620   texas.o
      1132         80        480          0        504       8052   virtualnokia5110.o

    ----------------------------------------------------------------------
      4744       1314       1504        112       2384      40833   Object Totals
         0          0         32          0          0          0   (incl. Generated)
         8          0          1          3          0          0   (incl. Padding)

    ----------------------------------------------------------------------

      Code (inc. data)   RO Data    RW Data    ZI Data      Debug   Library Member Name

         8          0          0          0          0         68   __main.o
        52          8          0          0          0          0   __scatter.o
        26          0          0          0          0          0   __scatter_copy.o
        28          0          0          0          0          0   __scatter_zi.o
        12          0          0          0          0         72   exit.o
         6          0          0          0          0        152   heapauxi.o
         0          0          0          0          0          0   indicate_semi.o
         2          0          0          0          0          0   libinit.o
         2          0          0          0          0          0   libinit2.o
         2          0          0          0          0          0   libshutdown.o
         2          0          0          0          0          0   libshutdown2.o
         8          4          0          0         96         68   libspace.o
        78          0          0          0          0         80   rt_memclr_w.o
         0          0          0          0          0          0   rtentry.o
        12          0          0          0          0          0   rtentry2.o
         6          0          0          0          0          0   rtentry4.o
         2          0          0          0          0          0   rtexit.o
        10          0          0          0          0          0   rtexit2.o
        12          4          0          0          0         68   sys_exit.o
        74          0          0          0          0         80   sys_stackheap_outer.o
         2          0          0          0          0         68   use_no_semi.o

    ----------------------------------------------------------------------
       352         16          0          0         96        656   Library Totals
         8          0          0          0          0          0   (incl. Padding)

    ----------------------------------------------------------------------

      Code (inc. data)   RO Data    RW Data    ZI Data      Debug   Library Name

       344         16          0          0         96        656   c_w.l

    ----------------------------------------------------------------------
       352         16          0          0         96        656   Library Totals

    ----------------------------------------------------------------------

==============================================================================


      Code (inc. data)   RO Data    RW Data    ZI Data      Debug   

      5096       1330       1504        112       2480      39097   Grand Totals
      5096       1330       1504        112       2480      39097   ELF Image Totals
      5096       1330       1504        112          0          0   ROM Totals

==============================================================================

    Total RO  Size (Code + RO Data)                 6600 (   6.45kB)
    Total RW  Size (RW Data + ZI Data)              2592 (   2.53kB)
    Total ROM Size (Code + RO Data + RW Data)       6712 (   6.55kB)

==============================================================================

